// Jest Snapshot v1, https://goo.gl/fbAQLP

exports[`DPostscript should not render anything when prop is falsy 1`] = `<!---->`;

exports[`DPostscript should not render anything when prop is falsy 2`] = `<!---->`;

exports[`DPostscript should not render anything when prop is falsy 3`] = `<!---->`;

exports[`DPostscript should render correct markup when prop is correct 1`] = `
<span
  class="px-6 text-caption text-truncate"
  style="color: rgb(146, 146, 146);"
>
  
  postscript en

</span>
`;
