// Jest Snapshot v1, https://goo.gl/fbAQLP

exports[`DScheduleTimes should not render anything when prop is falsy 1`] = `<!---->`;

exports[`DScheduleTimes should not render anything when prop is falsy 2`] = `<!---->`;

exports[`DScheduleTimes should not render anything when prop is falsy 3`] = `<!---->`;

exports[`DScheduleTimes should render correct markup when prop is correct 1`] = `
<span>
  <v-chip-stub
    active="true"
    activeclass=""
    closeicon="$delete"
    filtericon="$complete"
    outlined="true"
    tag="span"
    xsmall="true"
  >
    
    æœˆ1
  
  </v-chip-stub>
</span>
`;
