// Jest Snapshot v1, https://goo.gl/fbAQLP

exports[`DTitle should not render anything when prop is falsy 1`] = `<!---->`;

exports[`DTitle should not render anything when prop is falsy 2`] = `<!---->`;

exports[`DTitle should not render anything when prop is falsy 3`] = `<!---->`;

exports[`DTitle should render correct markup when prop is correct 1`] = `
<div
  class="text-truncate font-weight-bold"
>
  
  name en

</div>
`;
